Archive member included to satisfy reference by file (symbol)

c:/program files (x86)/atmel/studio/7.0/toolchain/avr8/avr8-gnu-toolchain/bin/../lib/gcc/avr/5.4.0/../../../../avr/lib/avr5\libm.a(addsf3.o)
                              SPIRIT1/SPIRIT_Radio.o (__subsf3)
c:/program files (x86)/atmel/studio/7.0/toolchain/avr8/avr8-gnu-toolchain/bin/../lib/gcc/avr/5.4.0/../../../../avr/lib/avr5\libm.a(addsf3x.o)
                              c:/program files (x86)/atmel/studio/7.0/toolchain/avr8/avr8-gnu-toolchain/bin/../lib/gcc/avr/5.4.0/../../../../avr/lib/avr5\libm.a(addsf3.o) (__addsf3x)
c:/program files (x86)/atmel/studio/7.0/toolchain/avr8/avr8-gnu-toolchain/bin/../lib/gcc/avr/5.4.0/../../../../avr/lib/avr5\libm.a(cmpsf2.o)
                              SPIRIT1/SPIRIT_Radio.o (__ltsf2)
c:/program files (x86)/atmel/studio/7.0/toolchain/avr8/avr8-gnu-toolchain/bin/../lib/gcc/avr/5.4.0/../../../../avr/lib/avr5\libm.a(divsf3.o)
                              SPIRIT1/SPIRIT_Management.o (__divsf3)
c:/program files (x86)/atmel/studio/7.0/toolchain/avr8/avr8-gnu-toolchain/bin/../lib/gcc/avr/5.4.0/../../../../avr/lib/avr5\libm.a(divsf3x.o)
                              c:/program files (x86)/atmel/studio/7.0/toolchain/avr8/avr8-gnu-toolchain/bin/../lib/gcc/avr/5.4.0/../../../../avr/lib/avr5\libm.a(divsf3.o) (__divsf3x)
c:/program files (x86)/atmel/studio/7.0/toolchain/avr8/avr8-gnu-toolchain/bin/../lib/gcc/avr/5.4.0/../../../../avr/lib/avr5\libm.a(fixsfsi.o)
                              SPIRIT1/SPIRIT_Radio.o (__fixsfsi)
c:/program files (x86)/atmel/studio/7.0/toolchain/avr8/avr8-gnu-toolchain/bin/../lib/gcc/avr/5.4.0/../../../../avr/lib/avr5\libm.a(fixunssfsi.o)
                              SPIRIT1/SPIRIT_Management.o (__fixunssfsi)
c:/program files (x86)/atmel/studio/7.0/toolchain/avr8/avr8-gnu-toolchain/bin/../lib/gcc/avr/5.4.0/../../../../avr/lib/avr5\libm.a(floatsisf.o)
                              SPIRIT1/SPIRIT_Management.o (__floatunsisf)
c:/program files (x86)/atmel/studio/7.0/toolchain/avr8/avr8-gnu-toolchain/bin/../lib/gcc/avr/5.4.0/../../../../avr/lib/avr5\libm.a(fp_cmp.o)
                              c:/program files (x86)/atmel/studio/7.0/toolchain/avr8/avr8-gnu-toolchain/bin/../lib/gcc/avr/5.4.0/../../../../avr/lib/avr5\libm.a(cmpsf2.o) (__fp_cmp)
c:/program files (x86)/atmel/studio/7.0/toolchain/avr8/avr8-gnu-toolchain/bin/../lib/gcc/avr/5.4.0/../../../../avr/lib/avr5\libm.a(fp_inf.o)
                              c:/program files (x86)/atmel/studio/7.0/toolchain/avr8/avr8-gnu-toolchain/bin/../lib/gcc/avr/5.4.0/../../../../avr/lib/avr5\libm.a(addsf3x.o) (__fp_inf)
c:/program files (x86)/atmel/studio/7.0/toolchain/avr8/avr8-gnu-toolchain/bin/../lib/gcc/avr/5.4.0/../../../../avr/lib/avr5\libm.a(fp_nan.o)
                              c:/program files (x86)/atmel/studio/7.0/toolchain/avr8/avr8-gnu-toolchain/bin/../lib/gcc/avr/5.4.0/../../../../avr/lib/avr5\libm.a(addsf3x.o) (__fp_nan)
c:/program files (x86)/atmel/studio/7.0/toolchain/avr8/avr8-gnu-toolchain/bin/../lib/gcc/avr/5.4.0/../../../../avr/lib/avr5\libm.a(fp_pscA.o)
                              c:/program files (x86)/atmel/studio/7.0/toolchain/avr8/avr8-gnu-toolchain/bin/../lib/gcc/avr/5.4.0/../../../../avr/lib/avr5\libm.a(addsf3x.o) (__fp_pscA)
c:/program files (x86)/atmel/studio/7.0/toolchain/avr8/avr8-gnu-toolchain/bin/../lib/gcc/avr/5.4.0/../../../../avr/lib/avr5\libm.a(fp_pscB.o)
                              c:/program files (x86)/atmel/studio/7.0/toolchain/avr8/avr8-gnu-toolchain/bin/../lib/gcc/avr/5.4.0/../../../../avr/lib/avr5\libm.a(addsf3x.o) (__fp_pscB)
c:/program files (x86)/atmel/studio/7.0/toolchain/avr8/avr8-gnu-toolchain/bin/../lib/gcc/avr/5.4.0/../../../../avr/lib/avr5\libm.a(fp_round.o)
                              c:/program files (x86)/atmel/studio/7.0/toolchain/avr8/avr8-gnu-toolchain/bin/../lib/gcc/avr/5.4.0/../../../../avr/lib/avr5\libm.a(addsf3.o) (__fp_round)
c:/program files (x86)/atmel/studio/7.0/toolchain/avr8/avr8-gnu-toolchain/bin/../lib/gcc/avr/5.4.0/../../../../avr/lib/avr5\libm.a(fp_split3.o)
                              c:/program files (x86)/atmel/studio/7.0/toolchain/avr8/avr8-gnu-toolchain/bin/../lib/gcc/avr/5.4.0/../../../../avr/lib/avr5\libm.a(addsf3x.o) (__fp_split3)
c:/program files (x86)/atmel/studio/7.0/toolchain/avr8/avr8-gnu-toolchain/bin/../lib/gcc/avr/5.4.0/../../../../avr/lib/avr5\libm.a(fp_zero.o)
                              c:/program files (x86)/atmel/studio/7.0/toolchain/avr8/avr8-gnu-toolchain/bin/../lib/gcc/avr/5.4.0/../../../../avr/lib/avr5\libm.a(addsf3x.o) (__fp_zero)
c:/program files (x86)/atmel/studio/7.0/toolchain/avr8/avr8-gnu-toolchain/bin/../lib/gcc/avr/5.4.0/../../../../avr/lib/avr5\libm.a(gesf2.o)
                              SPIRIT1/SPIRIT_Radio.o (__gesf2)
c:/program files (x86)/atmel/studio/7.0/toolchain/avr8/avr8-gnu-toolchain/bin/../lib/gcc/avr/5.4.0/../../../../avr/lib/avr5\libm.a(lround.o)
                              SPIRIT1/SPIRIT_Radio.o (lround)
[...]
Memory Configuration

Name             Origin             Length             Attributes
text             0x00000000         0x00020000         xr
data             0x00800060         0x0000ffa0         rw !x
eeprom           0x00810000         0x00010000         rw !x
fuse             0x00820000         0x00000003         rw !x
lock             0x00830000         0x00000400         rw !x
signature        0x00840000         0x00000400         rw !x
user_signatures  0x00850000         0x00000400         rw !x
*default*        0x00000000         0xffffffff

Linker script and memory map

Address of section .data set to 0x800100
LOAD C:/Program Files (x86)/Atmel/Studio/7.0/Packs/atmel/ATmega_DFP/1.2.150/gcc/dev/atmega328p/avr5/crtatmega328p.o
LOAD atmel_start.o
LOAD commands.o
LOAD driver_isr.o
LOAD examples/src/spi_basic_example.o
LOAD examples/src/usart_basic_example.o
LOAD main.o
LOAD SPIRIT1/MCU_Interface.o
LOAD SPIRIT1/SPIRIT_Aes.o
LOAD SPIRIT1/SPIRIT_Calibration.o
LOAD SPIRIT1/SPIRIT_Commands.o
LOAD SPIRIT1/SPIRIT_Csma.o
LOAD SPIRIT1/SPIRIT_DirectRF.o
LOAD SPIRIT1/SPIRIT_General.o
LOAD SPIRIT1/SPIRIT_Gpio.o
LOAD SPIRIT1/SPIRIT_Irq.o
LOAD SPIRIT1/SPIRIT_LinearFifo.o
LOAD SPIRIT1/SPIRIT_Management.o
LOAD SPIRIT1/SPIRIT_PktBasic.o
LOAD SPIRIT1/SPIRIT_PktCommon.o
LOAD SPIRIT1/SPIRIT_PktMbus.o
LOAD SPIRIT1/SPIRIT_PktStack.o
LOAD SPIRIT1/SPIRIT_Qi.o
LOAD SPIRIT1/SPIRIT_Radio.o
LOAD SPIRIT1/SPIRIT_Timer.o
LOAD SPIRIT1/SPIRIT_Types.o
LOAD src/driver_init.o
LOAD src/protected_io.o
LOAD src/spi_basic.o
LOAD src/tc16.o
LOAD src/usart_basic.o
LOAD terminal.o
START GROUP
LOAD c:/program files (x86)/atmel/studio/7.0/toolchain/avr8/avr8-gnu-toolchain/bin/../lib/gcc/avr/5.4.0/../../../../avr/lib/avr5\libm.a
LOAD c:/program files (x86)/atmel/studio/7.0/toolchain/avr8/avr8-gnu-toolchain/bin/../lib/gcc/avr/5.4.0/../../../../avr/lib/avr5\libprintf_min.a
END GROUP
START GROUP
LOAD c:/program files (x86)/atmel/studio/7.0/toolchain/avr8/avr8-gnu-toolchain/bin/../lib/gcc/avr/5.4.0/avr5\libgcc.a
LOAD c:/program files (x86)/atmel/studio/7.0/toolchain/avr8/avr8-gnu-toolchain/bin/../lib/gcc/avr/5.4.0/../../../../avr/lib/avr5\libm.a
LOAD c:/program files (x86)/atmel/studio/7.0/toolchain/avr8/avr8-gnu-toolchain/bin/../lib/gcc/avr/5.4.0/../../../../avr/lib/avr5\libc.a
LOAD C:/Program Files (x86)/Atmel/Studio/7.0/Packs/atmel/ATmega_DFP/1.2.150/gcc/dev/atmega328p/avr5\libatmega328p.a
END GROUP
                0x00020000                __TEXT_REGION_LENGTH__ = DEFINED (__TEXT_REGION_LENGTH__)?__TEXT_REGION_LENGTH__:0x20000
                0x0000ffa0                __DATA_REGION_LENGTH__ = DEFINED (__DATA_REGION_LENGTH__)?__DATA_REGION_LENGTH__:0xffa0
                0x00010000                __EEPROM_REGION_LENGTH__ = DEFINED (__EEPROM_REGION_LENGTH__)?__EEPROM_REGION_LENGTH__:0x10000
                [0x00000003]                __FUSE_REGION_LENGTH__ = DEFINED (__FUSE_REGION_LENGTH__)?__FUSE_REGION_LENGTH__:0x400
                0x00000400                __LOCK_REGION_LENGTH__ = DEFINED (__LOCK_REGION_LENGTH__)?__LOCK_REGION_LENGTH__:0x400
                0x00000400                __SIGNATURE_REGION_LENGTH__ = DEFINED (__SIGNATURE_REGION_LENGTH__)?__SIGNATURE_REGION_LENGTH__:0x400
                0x00000400                __USER_SIGNATURE_REGION_LENGTH__ = DEFINED (__USER_SIGNATURE_REGION_LENGTH__)?__USER_SIGNATURE_REGION_LENGTH__:0x400

.hash
 *(.hash)

.dynsym
 *(.dynsym)

.dynstr
 *(.dynstr)

.gnu.version
 *(.gnu.version)

.gnu.version_d
 *(.gnu.version_d)

.gnu.version_r
 *(.gnu.version_r)

.rel.init
 *(.rel.init)

.rela.init
 *(.rela.init)

.rel.text
 *(.rel.text)
 *(.rel.text.*)
 *(.rel.gnu.linkonce.t*)

.rela.text
 *(.rela.text)
 *(.rela.text.*)
 *(.rela.gnu.linkonce.t*)

.rel.fini
 *(.rel.fini)

.rela.fini
 *(.rela.fini)

.rel.rodata
 *(.rel.rodata)
 *(.rel.rodata.*)
 *(.rel.gnu.linkonce.r*)

.rela.rodata
 *(.rela.rodata)
 *(.rela.rodata.*)
 *(.rela.gnu.linkonce.r*)

.rel.data
 *(.rel.data)
 *(.rel.data.*)
 *(.rel.gnu.linkonce.d*)

.rela.data
 *(.rela.data)
 *(.rela.data.*)
 *(.rela.gnu.linkonce.d*)

.rel.ctors
 *(.rel.ctors)

.rela.ctors
 *(.rela.ctors)

.rel.dtors
 *(.rel.dtors)

.rela.dtors
 *(.rela.dtors)

.rel.got
 *(.rel.got)

.rela.got
 *(.rela.got)

.rel.bss
 *(.rel.bss)

.rela.bss
 *(.rela.bss)

.rel.plt
 *(.rel.plt)

.rela.plt
 *(.rela.plt)

.text           0x00000000     0x1d32
 *(.vectors)
 .vectors       0x00000000       0x68 C:/Program Files (x86)/Atmel/Studio/7.0/Packs/atmel/ATmega_DFP/1.2.150/gcc/dev/atmega328p/avr5/crtatmega328p.o
                0x00000000                __vector_default
                0x00000000                __vectors
 *(.vectors)
 *(.progmem.gcc*)
 .progmem.gcc_sw_table.spirit_status_view
                0x00000068       0xba commands.o
                0x00000122                . = ALIGN (0x2)
                0x00000122                __trampolines_start = .
 *(.trampolines)
 .trampolines   0x00000122        0x0 linker stubs
 *(.trampolines*)
                0x00000122                __trampolines_end = .
 *libprintf_flt.a:*(.progmem.data)
 *libc.a:*(.progmem.data)
 .progmem.data  0x00000122        0xc c:/program files (x86)/atmel/studio/7.0/toolchain/avr8/avr8-gnu-toolchain/bin/../lib/gcc/avr/5.4.0/../../../../avr/lib/avr5\libc.a(vfscanf_std.o)
 *(.progmem*)
                0x0000012e                . = ALIGN (0x2)
 *(.jumptables)
 *(.jumptables*)
 *(.lowtext)
 *(.lowtext*)
                0x0000012e                __ctors_start = .
 *(.ctors)
                0x0000012e                __ctors_end = .
                0x0000012e                __dtors_start = .
 *(.dtors)
                0x0000012e                __dtors_end = .
 SORT(*)(.ctors)
 SORT(*)(.dtors)
 *(.init0)
 .init0         0x0000012e        0x0 C:/Program Files (x86)/Atmel/Studio/7.0/Packs/atmel/ATmega_DFP/1.2.150/gcc/dev/atmega328p/avr5/crtatmega328p.o
                0x0000012e                __init
 *(.init0)
 *(.init1)
 *(.init1)
 *(.init2)
 .init2         0x0000012e        0xc C:/Program Files (x86)/Atmel/Studio/7.0/Packs/atmel/ATmega_DFP/1.2.150/gcc/dev/atmega328p/avr5/crtatmega328p.o
 *(.init2)
 *(.init3)
 *(.init3)
 *(.init4)
 .init4         0x0000013a       0x16 c:/program files (x86)/atmel/studio/7.0/toolchain/avr8/avr8-gnu-toolchain/bin/../lib/gcc/avr/5.4.0/avr5\libgcc.a(_copy_data.o)
                0x0000013a                __do_copy_data
 .init4         0x00000150       0x10 c:/program files (x86)/atmel/studio/7.0/toolchain/avr8/avr8-gnu-toolchain/bin/../lib/gcc/avr/5.4.0/avr5\libgcc.a(_clear_bss.o)
                0x00000150                __do_clear_bss
 *(.init4)
 *(.init5)
 *(.init5)
 *(.init6)
 *(.init6)
 *(.init7)
 *(.init7)
 *(.init8)
 *(.init8)
 *(.init9)
 .init9         0x00000160        0x8 C:/Program Files (x86)/Atmel/Studio/7.0/Packs/atmel/ATmega_DFP/1.2.150/gcc/dev/atmega328p/avr5/crtatmega328p.o
 *(.init9)
 *(.text)
 .text          0x00000168        0x4 C:/Program Files (x86)/Atmel/Studio/7.0/Packs/atmel/ATmega_DFP/1.2.150/gcc/dev/atmega328p/avr5/crtatmega328p.o
                0x00000168                __vector_22
                0x00000168                __vector_1
                0x00000168                __vector_24
                0x00000168                __vector_12
                0x00000168                __bad_interrupt
                0x00000168                __vector_6
                0x00000168                __vector_3
                0x00000168                __vector_23
                0x00000168                __vector_25
                0x00000168                __vector_11
                0x00000168                __vector_13
                0x00000168                __vector_19
                0x00000168                __vector_7
                0x00000168                __vector_5
                0x00000168                __vector_4
                0x00000168                __vector_9
                0x00000168                __vector_2
                0x00000168                __vector_21
                0x00000168                __vector_15
                0x00000168                __vector_8
                0x00000168                __vector_14
                0x00000168                __vector_10
                0x00000168                __vector_16
                0x00000168                __vector_20
                0x0000016c                . = ALIGN (0x2)
 *(.text.*)
 .text.atmel_start_init
                0x0000016c        0x6 atmel_start.o
                0x0000016c                atmel_start_init
 .text.help     0x00000172       0x90 commands.o
                0x00000172                help
 .text.spirit_reg_read
                0x00000202       0x74 commands.o
                0x00000202                spirit_reg_read
 .text.spirit_reg_write
                0x00000276       0x9c commands.o
                0x00000276                spirit_reg_write
 .text.spirit_cmd_write
                0x00000312       0x28 commands.o
                0x00000312                spirit_cmd_write
 .text.spirit_status_view
                0x0000033a      0x218 commands.o
                0x0000033a                spirit_status_view
 .text.spirit_command_ready
                0x00000552       0x66 commands.o
                0x00000552                spirit_command_ready
 .text.spirit_command_standby
                0x000005b8        0xc commands.o
                0x000005b8                spirit_command_standby
 .text.spirit_command_lock_tx
                0x000005c4       0x66 commands.o
                0x000005c4                spirit_command_lock_tx
 .text.spirit_command_lock_rx
                0x0000062a       0x66 commands.o
                0x0000062a                spirit_command_lock_rx
 .text.spirit_command_sleep
                0x00000690        0xc commands.o
                0x00000690                spirit_command_sleep
 .text.spirit_command_disable
                0x0000069c        0x4 commands.o
                0x0000069c                spirit_command_disable
 .text.spirit_command_enable
                0x000006a0        0x4 commands.o
                0x000006a0                spirit_command_enable
 .text.spirit_command_reset
                0x000006a4        0xc commands.o
                0x000006a4                spirit_command_reset
 .text.SpiritBaseConfiguration
                0x000006b0      0x162 commands.o
                0x000006b0                SpiritBaseConfiguration
 .text.SpiritVcoCalibration
                0x00000812      0x196 commands.o
                0x00000812                SpiritVcoCalibration
 .text.banner   0x000009a8       0x22 main.o
                0x000009a8                banner
 .text.__vector_18
                0x000009ca       0x4c main.o
                0x000009ca                __vector_18
 .text.spi_m    0x00000a16       0x12 main.o
                0x00000a16                spi_m
 .text.spi_init
                0x00000a28       0x22 main.o
                0x00000a28                spi_init
 .text.main     0x00000a4a       0x84 main.o
                0x00000a4a                main
 .text.SdkEvalSpiReadRegisters
                0x00000ace       0x5a SPIRIT1/MCU_Interface.o
                0x00000ace                SdkEvalSpiReadRegisters
 .text.SdkEvalSpiWriteRegisters
                0x00000b28       0x58 SPIRIT1/MCU_Interface.o
                0x00000b28                SdkEvalSpiWriteRegisters
 .text.SdkEvalSpiCommandStrobes
                0x00000b80       0x2c SPIRIT1/MCU_Interface.o
                0x00000b80                SdkEvalSpiCommandStrobes
 .text.USART_0_initialization
                0x00000bac        0xe src/driver_init.o
                0x00000bac                USART_0_initialization
 .text.system_init
                0x00000bba       0x3a src/driver_init.o
                0x00000bba                system_init
 .text.protected_write_io
                0x00000bf4        0xe src/protected_io.o
                0x00000bf4                protected_write_io
 .text.__vector_17
                0x00000c02       0xac src/spi_basic.o
                0x00000c02                __vector_17
 .text.USART_0_init
                0x00000cae       0x24 src/usart_basic.o
                0x00000cae                USART_0_init
 .text.USART_0_write
                0x00000cd2       0x10 src/usart_basic.o
                0x00000cd2                USART_0_write
 .text.add_cmd_list
                0x00000ce2       0x70 terminal.o
                0x00000ce2                add_cmd_list
 .text.init_cmd_list
                0x00000d52       0xea terminal.o
                0x00000d52                init_cmd_list
 .text.terminal_init
                0x00000e3c       0x4c terminal.o
                0x00000e3c                terminal_init
 .text.terminal_proc
                0x00000e88       0x3c terminal.o
                0x00000e88                terminal_proc
 .text.terminal_proc_cmd
                0x00000ec4      0x176 terminal.o
                0x00000ec4                terminal_proc_cmd
 .text.libgcc   0x0000103a        0xc c:/program files (x86)/atmel/studio/7.0/toolchain/avr8/avr8-gnu-toolchain/bin/../lib/gcc/avr/5.4.0/avr5\libgcc.a(_tablejump2.o)
                0x0000103a                __tablejump2__
 .text.avr-libc
                0x00001046       0x3c c:/program files (x86)/atmel/studio/7.0/toolchain/avr8/avr8-gnu-toolchain/bin/../lib/gcc/avr/5.4.0/../../../../avr/lib/avr5\libc.a(atoi.o)
                0x00001046                atoi
 .text.avr-libc
                0x00001082        0xa c:/program files (x86)/atmel/studio/7.0/toolchain/avr8/avr8-gnu-toolchain/bin/../lib/gcc/avr/5.4.0/../../../../avr/lib/avr5\libc.a(strtok.o)
                0x00001082                strtok
 .text.avr-libc
                0x0000108c       0x12 c:/program files (x86)/atmel/studio/7.0/toolchain/avr8/avr8-gnu-toolchain/bin/../lib/gcc/avr/5.4.0/../../../../avr/lib/avr5\libc.a(strcmp.o)
                0x0000108c                strcmp
 .text.avr-libc
                0x0000109e        0xe c:/program files (x86)/atmel/studio/7.0/toolchain/avr8/avr8-gnu-toolchain/bin/../lib/gcc/avr/5.4.0/../../../../avr/lib/avr5\libc.a(strcpy.o)
                0x0000109e                strcpy
 .text.avr-libc
                0x000010ac       0x4e c:/program files (x86)/atmel/studio/7.0/toolchain/avr8/avr8-gnu-toolchain/bin/../lib/gcc/avr/5.4.0/../../../../avr/lib/avr5\libc.a(strtok_r.o)
                0x000010ac                strtok_r
 .text.avr-libc
                0x000010fa       0x10 c:/program files (x86)/atmel/studio/7.0/toolchain/avr8/avr8-gnu-toolchain/bin/../lib/gcc/avr/5.4.0/../../../../avr/lib/avr5\libc.a(mul10.o)
                0x000010fa                __mulhi_const_10
 .text.avr-libc
                0x0000110a       0x78 c:/program files (x86)/atmel/studio/7.0/toolchain/avr8/avr8-gnu-toolchain/bin/../lib/gcc/avr/5.4.0/../../../../avr/lib/avr5\libc.a(fputc.o)
                0x0000110a                fputc
 .text.avr-libc
                0x00001182       0x2c c:/program files (x86)/atmel/studio/7.0/toolchain/avr8/avr8-gnu-toolchain/bin/../lib/gcc/avr/5.4.0/../../../../avr/lib/avr5\libc.a(printf.o)
                0x00001182                printf
 .text.avr-libc
                0x000011ae       0x32 c:/program files (x86)/atmel/studio/7.0/toolchain/avr8/avr8-gnu-toolchain/bin/../lib/gcc/avr/5.4.0/../../../../avr/lib/avr5\libc.a(sscanf.o)
                0x000011ae                sscanf
 .text.avr-libc
                0x000011e0      0x3c2 c:/program files (x86)/atmel/studio/7.0/toolchain/avr8/avr8-gnu-toolchain/bin/../lib/gcc/avr/5.4.0/../../../../avr/lib/avr5\libc.a(vfprintf_std.o)
                0x000011e0                vfprintf
 .text.avr-libc
                0x000015a2      0x55a c:/program files (x86)/atmel/studio/7.0/toolchain/avr8/avr8-gnu-toolchain/bin/../lib/gcc/avr/5.4.0/../../../../avr/lib/avr5\libc.a(vfscanf_std.o)
                0x000018da                vfscanf
 .text.avr-libc
                0x00001afc       0x12 c:/program files (x86)/atmel/studio/7.0/toolchain/avr8/avr8-gnu-toolchain/bin/../lib/gcc/avr/5.4.0/../../../../avr/lib/avr5\libc.a(isspace.o)
                0x00001afc                isspace
 .text.avr-libc
                0x00001b0e       0x16 c:/program files (x86)/atmel/studio/7.0/toolchain/avr8/avr8-gnu-toolchain/bin/../lib/gcc/avr/5.4.0/../../../../avr/lib/avr5\libc.a(strchr_P.o)
                0x00001b0e                strchr_P
 .text.avr-libc
                0x00001b24       0x16 c:/program files (x86)/atmel/studio/7.0/toolchain/avr8/avr8-gnu-toolchain/bin/../lib/gcc/avr/5.4.0/../../../../avr/lib/avr5\libc.a(strnlen_P.o)
                0x00001b24                strnlen_P
 .text.avr-libc
                0x00001b3a       0x16 c:/program files (x86)/atmel/studio/7.0/toolchain/avr8/avr8-gnu-toolchain/bin/../lib/gcc/avr/5.4.0/../../../../avr/lib/avr5\libc.a(strnlen.o)
                0x00001b3a                strnlen
 .text.avr-libc
                0x00001b50       0x7c c:/program files (x86)/atmel/studio/7.0/toolchain/avr8/avr8-gnu-toolchain/bin/../lib/gcc/avr/5.4.0/../../../../avr/lib/avr5\libc.a(fgetc.o)
                0x00001b50                fgetc
 .text.avr-libc
                0x00001bcc       0x32 c:/program files (x86)/atmel/studio/7.0/toolchain/avr8/avr8-gnu-toolchain/bin/../lib/gcc/avr/5.4.0/../../../../avr/lib/avr5\libc.a(ungetc.o)
                0x00001bcc                ungetc
 .text.avr-libc
                0x00001bfe       0xbc c:/program files (x86)/atmel/studio/7.0/toolchain/avr8/avr8-gnu-toolchain/bin/../lib/gcc/avr/5.4.0/../../../../avr/lib/avr5\libc.a(ultoa_invert.o)
                0x00001bfe                __ultoa_invert
 .text.avr-libc
                0x00001cba        0x6 c:/program files (x86)/atmel/studio/7.0/toolchain/avr8/avr8-gnu-toolchain/bin/../lib/gcc/avr/5.4.0/../../../../avr/lib/avr5\libc.a(cty_isfalse.o)
                0x00001cba                __ctype_isfalse
                0x00001cbe                __ctype_istrue
 .text.libgcc.prologue
                0x00001cc0       0x38 c:/program files (x86)/atmel/studio/7.0/toolchain/avr8/avr8-gnu-toolchain/bin/../lib/gcc/avr/5.4.0/avr5\libgcc.a(_prologue.o)
                0x00001cc0                __prologue_saves__
 .text.libgcc.prologue
                0x00001cf8       0x36 c:/program files (x86)/atmel/studio/7.0/toolchain/avr8/avr8-gnu-toolchain/bin/../lib/gcc/avr/5.4.0/avr5\libgcc.a(_epilogue.o)
                0x00001cf8                __epilogue_restores__
                0x00001d2e                . = ALIGN (0x2)
 *(.fini9)
 .fini9         0x00001d2e        0x0 c:/program files (x86)/atmel/studio/7.0/toolchain/avr8/avr8-gnu-toolchain/bin/../lib/gcc/avr/5.4.0/avr5\libgcc.a(_exit.o)
                0x00001d2e                _exit
                0x00001d2e                exit
 *(.fini9)
 *(.fini8)
 *(.fini8)
 *(.fini7)
 *(.fini7)
 *(.fini6)
 *(.fini6)
 *(.fini5)
 *(.fini5)
 *(.fini4)
 *(.fini4)
 *(.fini3)
 *(.fini3)
 *(.fini2)
 *(.fini2)
 *(.fini1)
 *(.fini1)
 *(.fini0)
 .fini0         0x00001d2e        0x4 c:/program files (x86)/atmel/studio/7.0/toolchain/avr8/avr8-gnu-toolchain/bin/../lib/gcc/avr/5.4.0/avr5\libgcc.a(_exit.o)
 *(.fini0)
                0x00001d32                _etext = .

.data           0x00800100      0x2dc load address 0x00001d32
                0x00800100                PROVIDE (__data_start, .)
 *(.data)
 *(.data*)
 .data.mystdout.2485
                0x00800100        0xe main.o
 *(.gnu.linkonce.d*)
 *(.rodata)
 *(.rodata*)
 .rodata.str1.1
                0x0080010e      0x1a9 commands.o
 .rodata.str1.1
                0x008002b7       0x68 main.o
 .rodata.str1.1
                0x0080031f       0xbc terminal.o
                                 0xbe (size before relaxing)
 *(.gnu.linkonce.r*)
                0x008003dc                . = ALIGN (0x2)
 *fill*         0x008003db        0x1 
                0x008003dc                _edata = .
                0x008003dc                PROVIDE (__data_end, .)

.bss            0x008003dc      0x1d4
                0x008003dc                PROVIDE (__bss_start, .)
 *(.bss)
 .bss           0x008003dc        0x2 c:/program files (x86)/atmel/studio/7.0/toolchain/avr8/avr8-gnu-toolchain/bin/../lib/gcc/avr/5.4.0/../../../../avr/lib/avr5\libc.a(strtok.o)
 *(.bss*)
 .bss.SPI_0_desc
                0x008003de        0x7 src/spi_basic.o
 .bss.cmdlistidx
                0x008003e5        0x2 terminal.o
                0x008003e5                cmdlistidx
 .bss.argsidx   0x008003e7        0x2 terminal.o
                0x008003e7                argsidx
 .bss.rxidx     0x008003e9        0x2 terminal.o
                0x008003e9                rxidx
 *(COMMON)
 COMMON         0x008003eb        0x1 main.o
                0x008003eb                flags1
 COMMON         0x008003ec        0x2 SPIRIT1/SPIRIT_Types.o
                0x008003ec                g_xStatus
 COMMON         0x008003ee      0x1bc terminal.o
                0x008003ee                rxbuf
                0x0080042e                cmdargs
                0x00800442                commands
 COMMON         0x008005aa        0x6 c:/program files (x86)/atmel/studio/7.0/toolchain/avr8/avr8-gnu-toolchain/bin/../lib/gcc/avr/5.4.0/../../../../avr/lib/avr5\libc.a(iob.o)
                0x008005aa                __iob
                0x008005b0                PROVIDE (__bss_end, .)
                0x00001d32                __data_load_start = LOADADDR (.data)
                0x0000200e                __data_load_end = (__data_load_start + SIZEOF (.data))

.noinit         0x008005b0        0x0
                [!provide]                PROVIDE (__noinit_start, .)
 *(.noinit*)
                [!provide]                PROVIDE (__noinit_end, .)
                0x008005b0                _end = .
                [!provide]                PROVIDE (__heap_start, .)

.eeprom         0x00810000        0x0
 *(.eeprom*)
                0x00810000                __eeprom_end = .

.fuse
 *(.fuse)
 *(.lfuse)
 *(.hfuse)
 *(.efuse)

.lock
 *(.lock*)

.signature
 *(.signature*)

.user_signatures
 *(.user_signatures*)

.stab
 *(.stab)

.stabstr
 *(.stabstr)

.stab.excl
 *(.stab.excl)

.stab.exclstr
 *(.stab.exclstr)

.stab.index
 *(.stab.index)

.stab.indexstr
 *(.stab.indexstr)

.comment        0x00000000       0x5c
 *(.comment)
 .comment       0x00000000       0x30 atmel_start.o
                                 0x31 (size before relaxing)
 .comment       0x00000030       0x31 commands.o
 .comment       0x00000030       0x31 main.o
 .comment       0x00000030       0x31 SPIRIT1/MCU_Interface.o
 .comment       0x00000030       0x31 SPIRIT1/SPIRIT_Types.o
 .comment       0x00000030       0x31 src/driver_init.o
 .comment       0x00000030       0x31 src/spi_basic.o
 .comment       0x00000030       0x31 src/usart_basic.o
 .comment       0x00000030       0x31 terminal.o
 .comment       0x00000030       0x31 c:/program files (x86)/atmel/studio/7.0/toolchain/avr8/avr8-gnu-toolchain/bin/../lib/gcc/avr/5.4.0/../../../../avr/lib/avr5\libc.a(strtok.o)
 .comment       0x00000030       0x31 c:/program files (x86)/atmel/studio/7.0/toolchain/avr8/avr8-gnu-toolchain/bin/../lib/gcc/avr/5.4.0/../../../../avr/lib/avr5\libc.a(fputc.o)
 .comment       0x00000030       0x31 c:/program files (x86)/atmel/studio/7.0/toolchain/avr8/avr8-gnu-toolchain/bin/../lib/gcc/avr/5.4.0/../../../../avr/lib/avr5\libc.a(iob.o)
 .comment       0x00000030       0x31 c:/program files (x86)/atmel/studio/7.0/toolchain/avr8/avr8-gnu-toolchain/bin/../lib/gcc/avr/5.4.0/../../../../avr/lib/avr5\libc.a(printf.o)
 .comment       0x00000030       0x31 c:/program files (x86)/atmel/studio/7.0/toolchain/avr8/avr8-gnu-toolchain/bin/../lib/gcc/avr/5.4.0/../../../../avr/lib/avr5\libc.a(sscanf.o)
 .comment       0x00000030       0x2c c:/program files (x86)/atmel/studio/7.0/toolchain/avr8/avr8-gnu-toolchain/bin/../lib/gcc/avr/5.4.0/../../../../avr/lib/avr5\libc.a(vfprintf_std.o)
                                 0x2d (size before relaxing)
 .comment       0x0000005c       0x2d c:/program files (x86)/atmel/studio/7.0/toolchain/avr8/avr8-gnu-toolchain/bin/../lib/gcc/avr/5.4.0/../../../../avr/lib/avr5\libc.a(vfscanf_std.o)
 .comment       0x0000005c       0x31 c:/program files (x86)/atmel/studio/7.0/toolchain/avr8/avr8-gnu-toolchain/bin/../lib/gcc/avr/5.4.0/../../../../avr/lib/avr5\libc.a(fgetc.o)
 .comment       0x0000005c       0x31 c:/program files (x86)/atmel/studio/7.0/toolchain/avr8/avr8-gnu-toolchain/bin/../lib/gcc/avr/5.4.0/../../../../avr/lib/avr5\libc.a(ungetc.o)

.note.gnu.avr.deviceinfo
                0x00000000       0x40
 .note.gnu.avr.deviceinfo
                0x00000000       0x40 C:/Program Files (x86)/Atmel/Studio/7.0/Packs/atmel/ATmega_DFP/1.2.150/gcc/dev/atmega328p/avr5/crtatmega328p.o

.note.gnu.build-id
 *(.note.gnu.build-id)

.debug
 *(.debug)

.line
 *(.line)

.debug_srcinfo
 *(.debug_srcinfo)

.debug_sfnames
 *(.debug_sfnames)

.debug_aranges  0x00000000      0x2d0
 *(.debug_aranges)
 .debug_aranges
                0x00000000       0x20 atmel_start.o
 .debug_aranges
                0x00000020       0x98 commands.o
 .debug_aranges
                0x000000b8       0x40 main.o
 .debug_aranges
                0x000000f8       0x30 SPIRIT1/MCU_Interface.o
 .debug_aranges
                0x00000128       0x20 SPIRIT1/SPIRIT_Types.o
 .debug_aranges
                0x00000148       0x38 src/driver_init.o
 .debug_aranges
                0x00000180       0x20 src/protected_io.o
 .debug_aranges
                0x000001a0       0x80 src/spi_basic.o
 .debug_aranges
                0x00000220       0x70 src/usart_basic.o
 .debug_aranges
                0x00000290       0x40 terminal.o

.debug_pubnames
 *(.debug_pubnames)

.debug_info     0x00000000     0x31c1
 *(.debug_info .gnu.linkonce.wi.*)
 .debug_info    0x00000000      0x5f4 C:/Program Files (x86)/Atmel/Studio/7.0/Packs/atmel/ATmega_DFP/1.2.150/gcc/dev/atmega328p/avr5/crtatmega328p.o
 .debug_info    0x000005f4       0x93 atmel_start.o
 .debug_info    0x00000687      0xd97 commands.o
 .debug_info    0x0000141e      0x473 main.o
 .debug_info    0x00001891      0x35d SPIRIT1/MCU_Interface.o
 .debug_info    0x00001bee      0x1d2 SPIRIT1/SPIRIT_Types.o
 .debug_info    0x00001dc0      0x7e1 src/driver_init.o
 .debug_info    0x000025a1       0x66 src/protected_io.o
 .debug_info    0x00002607      0x33e src/spi_basic.o
 .debug_info    0x00002945      0x197 src/usart_basic.o
 .debug_info    0x00002adc      0x6e5 terminal.o

.debug_abbrev   0x00000000     0x1191
 *(.debug_abbrev)
 .debug_abbrev  0x00000000      0x5a2 C:/Program Files (x86)/Atmel/Studio/7.0/Packs/atmel/ATmega_DFP/1.2.150/gcc/dev/atmega328p/avr5/crtatmega328p.o
 .debug_abbrev  0x000005a2       0x63 atmel_start.o
 .debug_abbrev  0x00000605      0x1e9 commands.o
 .debug_abbrev  0x000007ee      0x22a main.o
 .debug_abbrev  0x00000a18      0x113 SPIRIT1/MCU_Interface.o
 .debug_abbrev  0x00000b2b       0xef SPIRIT1/SPIRIT_Types.o
 .debug_abbrev  0x00000c1a      0x154 src/driver_init.o
 .debug_abbrev  0x00000d6e       0x14 src/protected_io.o
 .debug_abbrev  0x00000d82      0x17a src/spi_basic.o
 .debug_abbrev  0x00000efc       0xb1 src/usart_basic.o
 .debug_abbrev  0x00000fad      0x1e4 terminal.o

.debug_line     0x00000000     0x16bd
 *(.debug_line .debug_line.* .debug_line_end)
 .debug_line    0x00000000      0x133 C:/Program Files (x86)/Atmel/Studio/7.0/Packs/atmel/ATmega_DFP/1.2.150/gcc/dev/atmega328p/avr5/crtatmega328p.o
 .debug_line    0x00000133       0x60 atmel_start.o
 .debug_line    0x00000193      0x635 commands.o
 .debug_line    0x000007c8      0x256 main.o
 .debug_line    0x00000a1e      0x1a7 SPIRIT1/MCU_Interface.o
 .debug_line    0x00000bc5       0xf9 SPIRIT1/SPIRIT_Types.o
 .debug_line    0x00000cbe      0x20a src/driver_init.o
 .debug_line    0x00000ec8       0x67 src/protected_io.o
 .debug_line    0x00000f2f      0x2ca src/spi_basic.o
 .debug_line    0x000011f9      0x1f0 src/usart_basic.o
 .debug_line    0x000013e9      0x2d4 terminal.o

.debug_frame    0x00000000      0x720
 *(.debug_frame)
 .debug_frame   0x00000000       0x24 atmel_start.o
 .debug_frame   0x00000024      0x248 commands.o
 .debug_frame   0x0000026c       0xbc main.o
 .debug_frame   0x00000328       0x90 SPIRIT1/MCU_Interface.o
 .debug_frame   0x000003b8       0x40 SPIRIT1/SPIRIT_Types.o
 .debug_frame   0x000003f8       0x54 src/driver_init.o
 .debug_frame   0x0000044c      0x134 src/spi_basic.o
 .debug_frame   0x00000580       0xc4 src/usart_basic.o
 .debug_frame   0x00000644       0xdc terminal.o

.debug_str      0x00000000      0xd34
 *(.debug_str)
 .debug_str     0x00000000      0x208 C:/Program Files (x86)/Atmel/Studio/7.0/Packs/atmel/ATmega_DFP/1.2.150/gcc/dev/atmega328p/avr5/crtatmega328p.o
 .debug_str     0x00000208      0x138 atmel_start.o
                                0x16c (size before relaxing)
 .debug_str     0x00000340      0x342 commands.o
                                0x48a (size before relaxing)
 .debug_str     0x00000682       0xb9 main.o
                                0x233 (size before relaxing)
 .debug_str     0x0000073b       0x62 SPIRIT1/MCU_Interface.o
                                0x338 (size before relaxing)
 .debug_str     0x0000079d       0x3b SPIRIT1/SPIRIT_Types.o
                                0x2d7 (size before relaxing)
 .debug_str     0x000007d8      0x264 src/driver_init.o
                                0x3d4 (size before relaxing)
 .debug_str     0x00000a3c      0x1ce src/spi_basic.o
                                0x33f (size before relaxing)
 .debug_str     0x00000c0a       0xbf src/usart_basic.o
                                0x222 (size before relaxing)
 .debug_str     0x00000cc9       0x6b terminal.o
                                0x25c (size before relaxing)

.debug_loc      0x00000000     0x1450
 *(.debug_loc)
 .debug_loc     0x00000000      0x652 commands.o
 .debug_loc     0x00000652      0x1f9 main.o
 .debug_loc     0x0000084b      0x3ec SPIRIT1/MCU_Interface.o
 .debug_loc     0x00000c37       0x62 SPIRIT1/SPIRIT_Types.o
 .debug_loc     0x00000c99      0x21f src/driver_init.o
 .debug_loc     0x00000eb8      0x1e6 src/spi_basic.o
 .debug_loc     0x0000109e      0x3b2 terminal.o

.debug_macinfo
 *(.debug_macinfo)

.debug_weaknames
 *(.debug_weaknames)

.debug_funcnames
 *(.debug_funcnames)

.debug_typenames
 *(.debug_typenames)

.debug_varnames
 *(.debug_varnames)

.debug_pubtypes
 *(.debug_pubtypes)

.debug_ranges   0x00000000      0x220
 *(.debug_ranges)
 .debug_ranges  0x00000000       0x10 atmel_start.o
 .debug_ranges  0x00000010       0x88 commands.o
 .debug_ranges  0x00000098       0x30 main.o
 .debug_ranges  0x000000c8       0x20 SPIRIT1/MCU_Interface.o
 .debug_ranges  0x000000e8       0x10 SPIRIT1/SPIRIT_Types.o
 .debug_ranges  0x000000f8       0x28 src/driver_init.o
 .debug_ranges  0x00000120       0x70 src/spi_basic.o
 .debug_ranges  0x00000190       0x60 src/usart_basic.o
 .debug_ranges  0x000001f0       0x30 terminal.o

.debug_macro
 *(.debug_macro)
OUTPUT(alteta_as2.elf elf32-avr)
LOAD linker stubs
